###############################################################################
#
# IAR ELF Linker V8.20.2.14835/W32 for ARM                19/Jun/2018  21:42:20
# Copyright 2007-2017 IAR Systems AB.
#
#    Output file  =  
#        C:\Users\safah\OneDrive\Bureau\en.stm32cubel7\STM32Cube_FW_L0_V1.10.0\Projects\STM32L053R8-Nucleo\Examples\GPIO\GPIO_IOToggle\EWARM\STM32L053R8_NUCLEO\Exe\Project.out
#    Map file     =  
#        C:\Users\safah\OneDrive\Bureau\en.stm32cubel7\STM32Cube_FW_L0_V1.10.0\Projects\STM32L053R8-Nucleo\Examples\GPIO\GPIO_IOToggle\EWARM\STM32L053R8_NUCLEO\List\Project.map
#    Command line =  
#        -f C:\Users\safah\AppData\Local\Temp\EW9C4C.tmp
#        (C:\Users\safah\OneDrive\Bureau\en.stm32cubel7\STM32Cube_FW_L0_V1.10.0\Projects\STM32L053R8-Nucleo\Examples\GPIO\GPIO_IOToggle\EWARM\STM32L053R8_NUCLEO\Obj\main.o
#        C:\Users\safah\OneDrive\Bureau\en.stm32cubel7\STM32Cube_FW_L0_V1.10.0\Projects\STM32L053R8-Nucleo\Examples\GPIO\GPIO_IOToggle\EWARM\STM32L053R8_NUCLEO\Obj\startup_stm32l053xx.o
#        C:\Users\safah\OneDrive\Bureau\en.stm32cubel7\STM32Cube_FW_L0_V1.10.0\Projects\STM32L053R8-Nucleo\Examples\GPIO\GPIO_IOToggle\EWARM\STM32L053R8_NUCLEO\Obj\stm32l0xx_hal.o
#        C:\Users\safah\OneDrive\Bureau\en.stm32cubel7\STM32Cube_FW_L0_V1.10.0\Projects\STM32L053R8-Nucleo\Examples\GPIO\GPIO_IOToggle\EWARM\STM32L053R8_NUCLEO\Obj\stm32l0xx_hal_adc.o
#        C:\Users\safah\OneDrive\Bureau\en.stm32cubel7\STM32Cube_FW_L0_V1.10.0\Projects\STM32L053R8-Nucleo\Examples\GPIO\GPIO_IOToggle\EWARM\STM32L053R8_NUCLEO\Obj\stm32l0xx_hal_adc_ex.o
#        C:\Users\safah\OneDrive\Bureau\en.stm32cubel7\STM32Cube_FW_L0_V1.10.0\Projects\STM32L053R8-Nucleo\Examples\GPIO\GPIO_IOToggle\EWARM\STM32L053R8_NUCLEO\Obj\stm32l0xx_hal_cortex.o
#        C:\Users\safah\OneDrive\Bureau\en.stm32cubel7\STM32Cube_FW_L0_V1.10.0\Projects\STM32L053R8-Nucleo\Examples\GPIO\GPIO_IOToggle\EWARM\STM32L053R8_NUCLEO\Obj\stm32l0xx_hal_dma.o
#        C:\Users\safah\OneDrive\Bureau\en.stm32cubel7\STM32Cube_FW_L0_V1.10.0\Projects\STM32L053R8-Nucleo\Examples\GPIO\GPIO_IOToggle\EWARM\STM32L053R8_NUCLEO\Obj\stm32l0xx_hal_flash.o
#        C:\Users\safah\OneDrive\Bureau\en.stm32cubel7\STM32Cube_FW_L0_V1.10.0\Projects\STM32L053R8-Nucleo\Examples\GPIO\GPIO_IOToggle\EWARM\STM32L053R8_NUCLEO\Obj\stm32l0xx_hal_flash_ex.o
#        C:\Users\safah\OneDrive\Bureau\en.stm32cubel7\STM32Cube_FW_L0_V1.10.0\Projects\STM32L053R8-Nucleo\Examples\GPIO\GPIO_IOToggle\EWARM\STM32L053R8_NUCLEO\Obj\stm32l0xx_hal_gpio.o
#        C:\Users\safah\OneDrive\Bureau\en.stm32cubel7\STM32Cube_FW_L0_V1.10.0\Projects\STM32L053R8-Nucleo\Examples\GPIO\GPIO_IOToggle\EWARM\STM32L053R8_NUCLEO\Obj\stm32l0xx_hal_pwr.o
#        C:\Users\safah\OneDrive\Bureau\en.stm32cubel7\STM32Cube_FW_L0_V1.10.0\Projects\STM32L053R8-Nucleo\Examples\GPIO\GPIO_IOToggle\EWARM\STM32L053R8_NUCLEO\Obj\stm32l0xx_hal_pwr_ex.o
#        C:\Users\safah\OneDrive\Bureau\en.stm32cubel7\STM32Cube_FW_L0_V1.10.0\Projects\STM32L053R8-Nucleo\Examples\GPIO\GPIO_IOToggle\EWARM\STM32L053R8_NUCLEO\Obj\stm32l0xx_hal_rcc.o
#        C:\Users\safah\OneDrive\Bureau\en.stm32cubel7\STM32Cube_FW_L0_V1.10.0\Projects\STM32L053R8-Nucleo\Examples\GPIO\GPIO_IOToggle\EWARM\STM32L053R8_NUCLEO\Obj\stm32l0xx_hal_rcc_ex.o
#        C:\Users\safah\OneDrive\Bureau\en.stm32cubel7\STM32Cube_FW_L0_V1.10.0\Projects\STM32L053R8-Nucleo\Examples\GPIO\GPIO_IOToggle\EWARM\STM32L053R8_NUCLEO\Obj\stm32l0xx_hal_spi.o
#        C:\Users\safah\OneDrive\Bureau\en.stm32cubel7\STM32Cube_FW_L0_V1.10.0\Projects\STM32L053R8-Nucleo\Examples\GPIO\GPIO_IOToggle\EWARM\STM32L053R8_NUCLEO\Obj\stm32l0xx_it.o
#        C:\Users\safah\OneDrive\Bureau\en.stm32cubel7\STM32Cube_FW_L0_V1.10.0\Projects\STM32L053R8-Nucleo\Examples\GPIO\GPIO_IOToggle\EWARM\STM32L053R8_NUCLEO\Obj\stm32l0xx_nucleo.o
#        C:\Users\safah\OneDrive\Bureau\en.stm32cubel7\STM32Cube_FW_L0_V1.10.0\Projects\STM32L053R8-Nucleo\Examples\GPIO\GPIO_IOToggle\EWARM\STM32L053R8_NUCLEO\Obj\system_stm32l0xx.o
#        --redirect _Printf=_PrintfSmall --redirect _Scanf=_ScanfSmall -o
#        C:\Users\safah\OneDrive\Bureau\en.stm32cubel7\STM32Cube_FW_L0_V1.10.0\Projects\STM32L053R8-Nucleo\Examples\GPIO\GPIO_IOToggle\EWARM\STM32L053R8_NUCLEO\Exe\Project.out
#        --map
#        C:\Users\safah\OneDrive\Bureau\en.stm32cubel7\STM32Cube_FW_L0_V1.10.0\Projects\STM32L053R8-Nucleo\Examples\GPIO\GPIO_IOToggle\EWARM\STM32L053R8_NUCLEO\List\Project.map
#        --config
#        C:\Users\safah\OneDrive\Bureau\en.stm32cubel7\STM32Cube_FW_L0_V1.10.0\Projects\STM32L053R8-Nucleo\Examples\GPIO\GPIO_IOToggle\EWARM\stm32l053xx_flash.icf
#        --semihosting --entry __iar_program_start --vfe --text_out locale)
#
###############################################################################

*******************************************************************************
*** RUNTIME MODEL ATTRIBUTES
***

CppFlavor       = *
__SystemLibrary = DLib
__dlib_version  = 6


*******************************************************************************
*** HEAP SELECTION
***

The basic heap was selected because some modules are built with
size limitations (and not runtime checking), and --advanced_heap
was not specified.


*******************************************************************************
*** PLACEMENT SUMMARY
***

"A0":  place at 0x08008000 { ro section .intvec };
"P1":  place in [from 0x08008000 to 0x0800ffff] { ro };
define block CSTACK with size = 1K, alignment = 8 { };
define block HEAP with size = 512, alignment = 8 { };
"P2":  place in [from 0x20000000 to 0x20001fff] {
          rw, block CSTACK, block HEAP };
initialize by copy { rw };

  Section            Kind        Address   Size  Object
  -------            ----        -------   ----  ------
"A0":                                      0xc0
  .intvec            ro code  0x08008000   0xc0  startup_stm32l053xx.o [1]
                            - 0x080080c0   0xc0

"P1":                                     0xc36
  .text              ro code  0x080080c0  0x740  stm32l0xx_hal_rcc.o [1]
  .text              ro code  0x08008800    0xc  stm32l0xx_hal.o [1]
  .text              ro code  0x0800880c   0x28  stm32l0xx_hal.o [1]
  .text              ro code  0x08008834   0x36  I32DivMod.o [4]
  .text              ro code  0x0800886a    0x2  startup_stm32l053xx.o [1]
  .text              ro code  0x0800886c   0x78  stm32l0xx_hal_cortex.o [1]
  .text              ro code  0x080088e4    0x2  IntDivZer.o [4]
  .text              ro code  0x080088e6    0x2  startup_stm32l053xx.o [1]
  .text              ro code  0x080088e8  0x1bc  stm32l0xx_hal_gpio.o [1]
  .text              ro code  0x08008aa4   0x8c  main.o [1]
  .text              ro code  0x08008b30   0x22  stm32l0xx_hal.o [1]
  .text              ro code  0x08008b52    0x2  startup_stm32l053xx.o [1]
  .text              ro code  0x08008b54   0x74  system_stm32l0xx.o [1]
  .text              ro code  0x08008bc8   0x3c  packbits_init_single.o [4]
  .text              ro code  0x08008c04   0x28  data_init.o [4]
  .iar.init_table    const    0x08008c2c   0x10  - Linker created -
  .text              ro code  0x08008c3c   0x1e  cmain.o [4]
  .text              ro code  0x08008c5a    0x4  low_level_init.o [3]
  .text              ro code  0x08008c5e    0x8  exit.o [3]
  .text              ro code  0x08008c66    0x2  startup_stm32l053xx.o [1]
  .text              ro code  0x08008c68    0xa  cexit.o [4]
  .text              ro code  0x08008c72    0x2  startup_stm32l053xx.o [1]
  .text              ro code  0x08008c74   0x14  exit.o [5]
  .text              ro code  0x08008c88   0x10  startup_stm32l053xx.o [1]
  .text              ro code  0x08008c98   0x10  stm32l0xx_hal.o [1]
  .text              ro code  0x08008ca8   0x10  stm32l0xx_it.o [1]
  .text              ro code  0x08008cb8    0xc  cstartup_M.o [4]
  .text              ro code  0x08008cc4    0x2  startup_stm32l053xx.o [1]
  .text              ro code  0x08008cc6    0x2  startup_stm32l053xx.o [1]
  .text              ro code  0x08008cc8    0x2  startup_stm32l053xx.o [1]
  .text              ro code  0x08008cca    0x2  startup_stm32l053xx.o [1]
  .text              ro code  0x08008ccc    0x2  startup_stm32l053xx.o [1]
  .text              ro code  0x08008cce    0x2  startup_stm32l053xx.o [1]
  .text              ro code  0x08008cd0    0x2  startup_stm32l053xx.o [1]
  .text              ro code  0x08008cd2    0x2  startup_stm32l053xx.o [1]
  .text              ro code  0x08008cd4    0x2  startup_stm32l053xx.o [1]
  .text              ro code  0x08008cd6    0x2  startup_stm32l053xx.o [1]
  .text              ro code  0x08008cd8    0x2  startup_stm32l053xx.o [1]
  .text              ro code  0x08008cda    0x2  startup_stm32l053xx.o [1]
  .text              ro code  0x08008cdc    0x2  startup_stm32l053xx.o [1]
  .text              ro code  0x08008cde    0x2  startup_stm32l053xx.o [1]
  .text              ro code  0x08008ce0    0x2  startup_stm32l053xx.o [1]
  .text              ro code  0x08008ce2    0x2  startup_stm32l053xx.o [1]
  .text              ro code  0x08008ce4    0x2  startup_stm32l053xx.o [1]
  .text              ro code  0x08008ce6    0x2  startup_stm32l053xx.o [1]
  .text              ro code  0x08008ce8    0x2  startup_stm32l053xx.o [1]
  .text              ro code  0x08008cea    0x2  startup_stm32l053xx.o [1]
  .text              ro code  0x08008cec    0x2  startup_stm32l053xx.o [1]
  .text              ro code  0x08008cee    0x2  startup_stm32l053xx.o [1]
  .rodata            const    0x08008cf0    0x0  packbits_init_single.o [4]
  Initializer bytes  const    0x08008cf0    0x6  <for P2-1>
                            - 0x08008cf6  0xc36

"P2", part 1 of 2:                         0x1c
  P2-1                        0x20000000   0x1c  <Init block>
    .data            inited   0x20000000    0x4  system_stm32l0xx.o [1]
    .bss             inited   0x20000004   0x14  main.o [1]
    .bss             inited   0x20000018    0x4  stm32l0xx_hal.o [1]
                            - 0x2000001c   0x1c

"P2", part 2 of 2:                        0x400
  CSTACK                      0x20000020  0x400  <Block>
    CSTACK           uninit   0x20000020  0x400  <Block tail>
                            - 0x20000420  0x400


*******************************************************************************
*** INIT TABLE
***

          Address     Size
          -------     ----
Copy/packbits (__iar_packbits_init_single3)
    1 source range, total size 0x6 (21% of destination):
          0x08008cf0   0x6
    1 destination range, total size 0x1c:
          0x20000000  0x1c



*******************************************************************************
*** MODULE SUMMARY
***

    Module                  ro code  ro data  rw data
    ------                  -------  -------  -------
C:\Users\safah\OneDrive\Bureau\en.stm32cubel7\STM32Cube_FW_L0_V1.10.0\Projects\STM32L053R8-Nucleo\Examples\GPIO\GPIO_IOToggle\EWARM\STM32L053R8_NUCLEO\Obj: [1]
    main.o                      140        5       20
    startup_stm32l053xx.o       262
    stm32l0xx_hal.o             102        1        4
    stm32l0xx_hal_cortex.o      120
    stm32l0xx_hal_gpio.o        444
    stm32l0xx_hal_rcc.o       1 856
    stm32l0xx_it.o               16
    system_stm32l0xx.o          116                 4
    -------------------------------------------------
    Total:                    3 056        6       28

command line: [2]
    -------------------------------------------------
    Total:

dl6M_tlf.a: [3]
    exit.o                        8
    low_level_init.o              4
    -------------------------------------------------
    Total:                       12

rt6M_tl.a: [4]
    I32DivMod.o                  54
    IntDivZer.o                   2
    cexit.o                      10
    cmain.o                      30
    cstartup_M.o                 12
    data_init.o                  40
    packbits_init_single.o       60
    -------------------------------------------------
    Total:                      208

shb_l.a: [5]
    exit.o                       20
    -------------------------------------------------
    Total:                       20

    Linker created                        16    1 024
-----------------------------------------------------
    Grand Total:              3 296       22    1 052


*******************************************************************************
*** ENTRY LIST
***

Entry                      Address   Size  Type      Object
-----                      -------   ----  ----      ------
.iar.init_table$$Base   0x08008c2c          --   Gb  - Linker created -
.iar.init_table$$Limit  0x08008c3c          --   Gb  - Linker created -
?main                   0x08008c3d         Code  Gb  cmain.o [4]
AHBPrescTable           0x08008bac   0x10  Data  Gb  system_stm32l0xx.o [1]
CSTACK$$Base            0x20000020          --   Gb  - Linker created -
CSTACK$$Limit           0x20000420          --   Gb  - Linker created -
GPIO_InitStruct         0x20000004   0x14  Data  Lc  main.o [1]
HAL_GPIO_Init           0x080088e9  0x196  Code  Gb  stm32l0xx_hal_gpio.o [1]
HAL_GPIO_TogglePin      0x08008a85    0x8  Code  Gb  stm32l0xx_hal_gpio.o [1]
HAL_GetTick             0x08008801    0xc  Code  Wk  stm32l0xx_hal.o [1]
HAL_IncTick             0x08008c99   0x10  Code  Wk  stm32l0xx_hal.o [1]
HAL_Init                0x08008b31   0x1a  Code  Gb  stm32l0xx_hal.o [1]
HAL_InitTick            0x0800880d   0x28  Code  Wk  stm32l0xx_hal.o [1]
HAL_NVIC_SetPriority    0x080088a7    0x8  Code  Gb  stm32l0xx_hal_cortex.o [1]
HAL_RCC_ClockConfig     0x08008581  0x16a  Code  Gb  stm32l0xx_hal_rcc.o [1]
HAL_RCC_GetSysClockFreq
                        0x080086f9   0x6c  Code  Gb  stm32l0xx_hal_rcc.o [1]
HAL_RCC_OscConfig       0x080080c1  0x4a2  Code  Gb  stm32l0xx_hal_rcc.o [1]
HAL_SYSTICK_Config      0x080088af   0x28  Code  Gb  stm32l0xx_hal_cortex.o [1]
HardFault_Handler       0x08008cab    0x2  Code  Gb  stm32l0xx_it.o [1]
NMI_Handler             0x08008ca9    0x2  Code  Gb  stm32l0xx_it.o [1]
NVIC_SetPriority        0x0800886d   0x3a  Code  Lc  stm32l0xx_hal_cortex.o [1]
PLLMulTable             0x08008bbc    0xc  Data  Gb  system_stm32l0xx.o [1]
PendSV_Handler          0x08008caf    0x2  Code  Gb  stm32l0xx_it.o [1]
RCC_SetFlashLatencyFromMSIRange
                        0x08008785   0x5e  Code  Lc  stm32l0xx_hal_rcc.o [1]
Region$$Table$$Base     0x08008c2c          --   Gb  - Linker created -
Region$$Table$$Limit    0x08008c3c          --   Gb  - Linker created -
SVC_Handler             0x08008cad    0x2  Code  Gb  stm32l0xx_it.o [1]
SysTick_Handler         0x08008cb1    0x8  Code  Gb  stm32l0xx_it.o [1]
SystemCoreClock         0x20000000    0x4  Data  Gb  system_stm32l0xx.o [1]
SystemInit              0x08008b55   0x40  Code  Gb  system_stm32l0xx.o [1]
__aeabi_idiv0           0x080088e5         Code  Gb  IntDivZer.o [4]
__cmain                 0x08008c3d         Code  Gb  cmain.o [4]
__exit                  0x08008c75   0x14  Code  Gb  exit.o [5]
__iar_data_init3        0x08008c05   0x28  Code  Gb  data_init.o [4]
__iar_packbits_init_single3
                        0x08008bc9   0x3c  Code  Gb  packbits_init_single.o [4]
__iar_program_start     0x08008cb9         Code  Gb  cstartup_M.o [4]
__iar_small_uidiv       0x08008835         Code  Gb  I32DivMod.o [4]
__iar_small_uidivmod    0x08008835         Code  Gb  I32DivMod.o [4]
__iar_systems$$module {Abs}
                        0x00000001         Data  Gb  command line/config [2]
__low_level_init        0x08008c5b    0x4  Code  Gb  low_level_init.o [3]
__vector_table          0x08008000         Data  Gb  startup_stm32l053xx.o [1]
_call_main              0x08008c49         Code  Gb  cmain.o [4]
_exit                   0x08008c69         Code  Gb  cexit.o [4]
_main                   0x08008c57         Code  Gb  cmain.o [4]
exit                    0x08008c5f    0x8  Code  Gb  exit.o [3]
main                    0x08008aa5   0x8c  Code  Gb  main.o [1]
uwTick                  0x20000018    0x4  Data  Gb  stm32l0xx_hal.o [1]


[1] = C:\Users\safah\OneDrive\Bureau\en.stm32cubel7\STM32Cube_FW_L0_V1.10.0\Projects\STM32L053R8-Nucleo\Examples\GPIO\GPIO_IOToggle\EWARM\STM32L053R8_NUCLEO\Obj
[2] = command line
[3] = dl6M_tlf.a
[4] = rt6M_tl.a
[5] = shb_l.a

  3 296 bytes of readonly  code memory
     22 bytes of readonly  data memory
  1 052 bytes of readwrite data memory

Errors: none
Warnings: none
